ERC report (2026-09-27T13:46:21, Encoding UTF8)
Report includes: Warnings

***** Sheet /
[footprint_link_issues]: Empreinte 'JST_PH_B2B-PH-K_1x02-P2.00mm_Vertical' introuvable dans la librairie 'Connector_JST'
    ; warning
    @(2050 mils, 4400 mils): Symbol J2 [Conn_01x02]
[unconnected_wire_endpoint]: Extrémité de fil non connectée
    ; warning
    @(4150 mils, 4000 mils): Vertical Wire, length 400 mils
[isolated_pin_label]: Label connected to only one pin
    ; warning
    @(6350 mils, 4150 mils): Global Label 'BTN1'
[isolated_pin_label]: Label connected to only one pin
    ; warning
    @(6350 mils, 4250 mils): Global Label 'BTN2'
[endpoint_off_grid]: Symbol pin or wire end off connection grid
    ; warning
    @(7050 mils, 2400 mils): Vertical Wire, length 117 mils
[endpoint_off_grid]: Symbol pin or wire end off connection grid
    ; warning
    @(7750 mils, 2850 mils): Vertical Wire, length 173 mils
[footprint_link_issues]: Empreinte 'JST_PH_B4B-PH-K_1x04-P2.00mm_Vertical' introuvable dans la librairie 'Connector_JST'
    ; warning
    @(9800 mils, 4700 mils): Symbol J10 [Conn_01x04]
[endpoint_off_grid]: Symbol pin or wire end off connection grid
    ; warning
    @(5350 mils, 3150 mils): Horizontal Wire, length 354 mils
[endpoint_off_grid]: Symbol pin or wire end off connection grid
    ; warning
    @(5350 mils, 3250 mils): Horizontal Wire, length 354 mils
[endpoint_off_grid]: Symbol pin or wire end off connection grid
    ; warning
    @(5350 mils, 3350 mils): Horizontal Wire, length 354 mils
[endpoint_off_grid]: Symbol pin or wire end off connection grid
    ; warning
    @(5350 mils, 3650 mils): Horizontal Wire, length 354 mils
[endpoint_off_grid]: Symbol pin or wire end off connection grid
    ; warning
    @(5350 mils, 3750 mils): Horizontal Wire, length 354 mils
[endpoint_off_grid]: Symbol pin or wire end off connection grid
    ; warning
    @(6650 mils, 3150 mils): Horizontal Wire, length 354 mils
[endpoint_off_grid]: Symbol pin or wire end off connection grid
    ; warning
    @(6650 mils, 3250 mils): Horizontal Wire, length 354 mils
[endpoint_off_grid]: Symbol pin or wire end off connection grid
    ; warning
    @(6650 mils, 3350 mils): Horizontal Wire, length 354 mils
[endpoint_off_grid]: Symbol pin or wire end off connection grid
    ; warning
    @(1450 mils, 1100 mils): Horizontal Wire, length 354 mils
[endpoint_off_grid]: Symbol pin or wire end off connection grid
    ; warning
    @(1450 mils, 1200 mils): Horizontal Wire, length 354 mils
[endpoint_off_grid]: Symbol pin or wire end off connection grid
    ; warning
    @(1450 mils, 1300 mils): Horizontal Wire, length 354 mils
[endpoint_off_grid]: Symbol pin or wire end off connection grid
    ; warning
    @(1450 mils, 1400 mils): Horizontal Wire, length 354 mils
[endpoint_off_grid]: Symbol pin or wire end off connection grid
    ; warning
    @(1450 mils, 1800 mils): Horizontal Wire, length 354 mils
[endpoint_off_grid]: Symbol pin or wire end off connection grid
    ; warning
    @(1450 mils, 1900 mils): Horizontal Wire, length 354 mils
[endpoint_off_grid]: Symbol pin or wire end off connection grid
    ; warning
    @(1450 mils, 2000 mils): Horizontal Wire, length 354 mils
[endpoint_off_grid]: Symbol pin or wire end off connection grid
    ; warning
    @(1450 mils, 2100 mils): Horizontal Wire, length 354 mils
[endpoint_off_grid]: Symbol pin or wire end off connection grid
    ; warning
    @(1450 mils, 2200 mils): Horizontal Wire, length 354 mils
[endpoint_off_grid]: Symbol pin or wire end off connection grid
    ; warning
    @(1450 mils, 2300 mils): Horizontal Wire, length 354 mils
[endpoint_off_grid]: Symbol pin or wire end off connection grid
    ; warning
    @(1450 mils, 2400 mils): Horizontal Wire, length 354 mils
[endpoint_off_grid]: Symbol pin or wire end off connection grid
    ; warning
    @(1450 mils, 2500 mils): Horizontal Wire, length 354 mils
[endpoint_off_grid]: Symbol pin or wire end off connection grid
    ; warning
    @(1350 mils, 3700 mils): Vertical Wire, length 284 mils
[endpoint_off_grid]: Symbol pin or wire end off connection grid
    ; warning
    @(1350 mils, 3984 mils): Horizontal Wire, length 7900 mils
[footprint_link_issues]: Empreinte 'JST_PH_B4B-PH-K_1x04-P2.00mm_Vertical' introuvable dans la librairie 'Connector_JST'
    ; warning
    @(1950 mils, 5000 mils): Symbol J9 [Conn_01x04]
[endpoint_off_grid]: Symbol pin or wire end off connection grid
    ; warning
    @(3600 mils, 1100 mils): Horizontal Wire, length 354 mils
[endpoint_off_grid]: Symbol pin or wire end off connection grid
    ; warning
    @(3600 mils, 1200 mils): Horizontal Wire, length 354 mils
[endpoint_off_grid]: Symbol pin or wire end off connection grid
    ; warning
    @(3600 mils, 1300 mils): Horizontal Wire, length 354 mils
[endpoint_off_grid]: Symbol pin or wire end off connection grid
    ; warning
    @(3600 mils, 1400 mils): Horizontal Wire, length 354 mils
[endpoint_off_grid]: Symbol pin or wire end off connection grid
    ; warning
    @(3600 mils, 1850 mils): Horizontal Wire, length 354 mils
[endpoint_off_grid]: Symbol pin or wire end off connection grid
    ; warning
    @(3600 mils, 1950 mils): Horizontal Wire, length 354 mils
[endpoint_off_grid]: Symbol pin or wire end off connection grid
    ; warning
    @(3600 mils, 2050 mils): Horizontal Wire, length 354 mils
[endpoint_off_grid]: Symbol pin or wire end off connection grid
    ; warning
    @(3600 mils, 2150 mils): Horizontal Wire, length 354 mils
[endpoint_off_grid]: Symbol pin or wire end off connection grid
    ; warning
    @(3600 mils, 2250 mils): Horizontal Wire, length 354 mils
[endpoint_off_grid]: Symbol pin or wire end off connection grid
    ; warning
    @(3800 mils, 5900 mils): Horizontal Wire, length 354 mils
[endpoint_off_grid]: Symbol pin or wire end off connection grid
    ; warning
    @(3800 mils, 6000 mils): Horizontal Wire, length 354 mils
[endpoint_off_grid]: Symbol pin or wire end off connection grid
    ; warning
    @(3800 mils, 6100 mils): Horizontal Wire, length 354 mils
[endpoint_off_grid]: Symbol pin or wire end off connection grid
    ; warning
    @(3800 mils, 6200 mils): Horizontal Wire, length 354 mils
[endpoint_off_grid]: Symbol pin or wire end off connection grid
    ; warning
    @(3800 mils, 6400 mils): Horizontal Wire, length 354 mils
[endpoint_off_grid]: Symbol pin or wire end off connection grid
    ; warning
    @(3800 mils, 6500 mils): Horizontal Wire, length 354 mils
[endpoint_off_grid]: Symbol pin or wire end off connection grid
    ; warning
    @(4650 mils, 6900 mils): Vertical Wire, length 354 mils
[endpoint_off_grid]: Symbol pin or wire end off connection grid
    ; warning
    @(5800 mils, 1050 mils): Horizontal Wire, length 354 mils
[endpoint_off_grid]: Symbol pin or wire end off connection grid
    ; warning
    @(5800 mils, 1150 mils): Horizontal Wire, length 354 mils
[endpoint_off_grid]: Symbol pin or wire end off connection grid
    ; warning
    @(5800 mils, 1250 mils): Horizontal Wire, length 354 mils
[endpoint_off_grid]: Symbol pin or wire end off connection grid
    ; warning
    @(5800 mils, 1350 mils): Horizontal Wire, length 354 mils
[endpoint_off_grid]: Symbol pin or wire end off connection grid
    ; warning
    @(5300 mils, 5900 mils): Horizontal Wire, length 354 mils
[endpoint_off_grid]: Symbol pin or wire end off connection grid
    ; warning
    @(5300 mils, 6500 mils): Horizontal Wire, length 354 mils
[endpoint_off_grid]: Symbol pin or wire end off connection grid
    ; warning
    @(7800 mils, 1050 mils): Horizontal Wire, length 354 mils
[endpoint_off_grid]: Symbol pin or wire end off connection grid
    ; warning
    @(7800 mils, 1150 mils): Horizontal Wire, length 354 mils
[endpoint_off_grid]: Symbol pin or wire end off connection grid
    ; warning
    @(7800 mils, 1250 mils): Horizontal Wire, length 354 mils
[endpoint_off_grid]: Symbol pin or wire end off connection grid
    ; warning
    @(7800 mils, 1350 mils): Horizontal Wire, length 354 mils
[endpoint_off_grid]: Symbol pin or wire end off connection grid
    ; warning
    @(9250 mils, 3984 mils): Vertical Wire, length 216 mils
[endpoint_off_grid]: Symbol pin or wire end off connection grid
    ; warning
    @(9250 mils, 3700 mils): Horizontal Wire, length 236 mils
[endpoint_off_grid]: Symbol pin or wire end off connection grid
    ; warning
    @(9250 mils, 4300 mils): Horizontal Wire, length 236 mils
[endpoint_off_grid]: Symbol pin or wire end off connection grid
    ; warning
    @(10250 mils, 900 mils): Horizontal Wire, length 354 mils
[endpoint_off_grid]: Symbol pin or wire end off connection grid
    ; warning
    @(10250 mils, 1000 mils): Horizontal Wire, length 354 mils
[endpoint_off_grid]: Symbol pin or wire end off connection grid
    ; warning
    @(10250 mils, 1100 mils): Horizontal Wire, length 354 mils
[endpoint_off_grid]: Symbol pin or wire end off connection grid
    ; warning
    @(10250 mils, 1200 mils): Horizontal Wire, length 354 mils
[endpoint_off_grid]: Symbol pin or wire end off connection grid
    ; warning
    @(10250 mils, 1300 mils): Horizontal Wire, length 354 mils
[endpoint_off_grid]: Symbol pin or wire end off connection grid
    ; warning
    @(10250 mils, 1400 mils): Horizontal Wire, length 354 mils
[endpoint_off_grid]: Symbol pin or wire end off connection grid
    ; warning
    @(10250 mils, 1500 mils): Horizontal Wire, length 354 mils
[endpoint_off_grid]: Symbol pin or wire end off connection grid
    ; warning
    @(10250 mils, 1600 mils): Horizontal Wire, length 354 mils

***** Sheet /Power/
[pin_to_pin]: Les pins de type Non spécifié et Non spécifié sont connectées
    ; warning
    @(1900 mils, 1850 mils): Symbol J1 Pin A1 [GND, Non spécifié, Ligne]
    @(1900 mils, 2950 mils): Symbol J1 Pin A12 [GND, Non spécifié, Ligne]
[pin_to_pin]: Les pins de type Non spécifié et Non spécifié sont connectées
    ; warning
    @(1900 mils, 2150 mils): Symbol J1 Pin A4 [VBUS, Non spécifié, Ligne]
    @(1900 mils, 2650 mils): Symbol J1 Pin A9 [VBUS, Non spécifié, Ligne]
[pin_to_pin]: Les pins de type Non spécifié et Passive sont connectées
    ; warning
    @(1900 mils, 2250 mils): Symbol J1 Pin A5 [CC1, Non spécifié, Ligne]
    @(1050 mils, 2250 mils): Symbol R9 Pin 1 [Passive, Ligne]
[pin_to_pin]: Les pins de type Non spécifié et Non spécifié sont connectées
    ; warning
    @(1900 mils, 2350 mils): Symbol J1 Pin A6 [DP1, Non spécifié, Ligne]
    @(3100 mils, 2450 mils): Symbol J1 Pin B6 [DP2, Non spécifié, Ligne]
[pin_to_pin]: Les pins de type Non spécifié et Non spécifié sont connectées
    ; warning
    @(1900 mils, 2450 mils): Symbol J1 Pin A7 [DN1, Non spécifié, Ligne]
    @(3100 mils, 2350 mils): Symbol J1 Pin B7 [DN2, Non spécifié, Ligne]
[pin_to_pin]: Les pins de type Non spécifié et Non spécifié sont connectées
    ; warning
    @(1900 mils, 2650 mils): Symbol J1 Pin A9 [VBUS, Non spécifié, Ligne]
    @(3100 mils, 2650 mils): Symbol J1 Pin B4 [VBUS, Non spécifié, Ligne]
[pin_to_pin]: Les pins de type Non spécifié et Passive sont connectées
    ; warning
    @(1900 mils, 2950 mils): Symbol J1 Pin A12 [GND, Non spécifié, Ligne]
    @(1050 mils, 2550 mils): Symbol R9 Pin 2 [Passive, Ligne]
[pin_to_pin]: Les pins de type Non spécifié et Non spécifié sont connectées
    ; warning
    @(2400 mils, 1450 mils): Symbol J1 Pin 28 [28, Non spécifié, Ligne]
    @(1900 mils, 1850 mils): Symbol J1 Pin A1 [GND, Non spécifié, Ligne]
[pin_to_pin]: Les pins de type Non spécifié et Non spécifié sont connectées
    ; warning
    @(2400 mils, 3350 mils): Symbol J1 Pin 25 [25, Non spécifié, Ligne]
    @(2600 mils, 3350 mils): Symbol J1 Pin 26 [26, Non spécifié, Ligne]
[pin_to_pin]: Les pins de type Non spécifié et Non spécifié sont connectées
    ; warning
    @(2600 mils, 1450 mils): Symbol J1 Pin 27 [27, Non spécifié, Ligne]
    @(2400 mils, 1450 mils): Symbol J1 Pin 28 [28, Non spécifié, Ligne]
[pin_to_pin]: Les pins de type Non spécifié et Non spécifié sont connectées
    ; warning
    @(2600 mils, 3350 mils): Symbol J1 Pin 26 [26, Non spécifié, Ligne]
    @(3100 mils, 2950 mils): Symbol J1 Pin B1 [GND, Non spécifié, Ligne]
[pin_to_pin]: Les pins de type Non spécifié et Passive sont connectées
    ; warning
    @(3100 mils, 1850 mils): Symbol J1 Pin B12 [GND, Non spécifié, Ligne]
    @(3600 mils, 2850 mils): Symbol R10 Pin 2 [Passive, Ligne]
[pin_to_pin]: Les pins de type Non spécifié et Passive sont connectées
    ; warning
    @(3100 mils, 2150 mils): Symbol J1 Pin B9 [VBUS, Non spécifié, Ligne]
    @(4900 mils, 1000 mils): Symbol U12 Pin 5 [VBUS, Passive, Ligne]
[pin_to_pin]: Les pins de type Non spécifié et Passive sont connectées
    ; warning
    @(3100 mils, 2350 mils): Symbol J1 Pin B7 [DN2, Non spécifié, Ligne]
    @(4700 mils, 2500 mils): Symbol R11 Pin 1 [Passive, Ligne]
[pin_to_pin]: Les pins de type Non spécifié et Passive sont connectées
    ; warning
    @(3100 mils, 2450 mils): Symbol J1 Pin B6 [DP2, Non spécifié, Ligne]
    @(5050 mils, 2500 mils): Symbol R12 Pin 1 [Passive, Ligne]
[pin_to_pin]: Les pins de type Non spécifié et Passive sont connectées
    ; warning
    @(3100 mils, 2550 mils): Symbol J1 Pin B5 [CC2, Non spécifié, Ligne]
    @(3600 mils, 2550 mils): Symbol R10 Pin 1 [Passive, Ligne]
[pin_to_pin]: Les pins de type Non spécifié et Non spécifié sont connectées
    ; warning
    @(3100 mils, 2650 mils): Symbol J1 Pin B4 [VBUS, Non spécifié, Ligne]
    @(3100 mils, 2150 mils): Symbol J1 Pin B9 [VBUS, Non spécifié, Ligne]
[pin_to_pin]: Les pins de type Non spécifié et Passive sont connectées
    ; warning
    @(3100 mils, 2950 mils): Symbol J1 Pin B1 [GND, Non spécifié, Ligne]
    @(3600 mils, 2850 mils): Symbol R10 Pin 2 [Passive, Ligne]

***** Sheet /ESP32/

***** Sheet /Audio/
[pin_to_pin]: Les pins de type Non spécifié et Passive sont connectées
    ; warning
    @(8150 mils, 2450 mils): Symbol U3 Pin 1 [+OUT_L, Non spécifié, Ligne]
    @(8850 mils, 4600 mils): Symbol FB3 Pin 1 [Passive, Ligne]
[pin_to_pin]: Les pins de type Non spécifié et Non spécifié sont connectées
    ; warning
    @(8150 mils, 2550 mils): Symbol U3 Pin 2 [PGNDL, Non spécifié, Ligne]
    @(9350 mils, 2550 mils): Symbol U3 Pin 15 [PGNDR, Non spécifié, Ligne]
[pin_to_pin]: Les pins de type Non spécifié et Passive sont connectées
    ; warning
    @(8150 mils, 2650 mils): Symbol U3 Pin 3 [-OUT_L, Non spécifié, Ligne]
    @(8850 mils, 4700 mils): Symbol FB4 Pin 1 [Passive, Ligne]
[pin_to_pin]: Les pins de type Non spécifié et Non spécifié sont connectées
    ; warning
    @(8150 mils, 2750 mils): Symbol U3 Pin 4 [PVDDL, Non spécifié, Ligne]
    @(8150 mils, 2950 mils): Symbol U3 Pin 6 [VDD, Non spécifié, Ligne]
[pin_to_pin]: Les pins de type Non spécifié et Passive sont connectées
    ; warning
    @(8150 mils, 2850 mils): Symbol U3 Pin 5 [MUTE#, Non spécifié, Ligne]
    @(7750 mils, 2850 mils): Symbol R_MUTE Pin 2 [Passive, Ligne]
[pin_to_pin]: Les pins de type Non spécifié et Passive sont connectées
    ; warning
    @(8150 mils, 2950 mils): Symbol U3 Pin 6 [VDD, Non spécifié, Ligne]
    @(7450 mils, 3350 mils): Symbol C_PAM_HF1 Pin 2 [Passive, Ligne]
[pin_to_pin]: Les pins de type Non spécifié et Passive sont connectées
    ; warning
    @(8150 mils, 3050 mils): Symbol U3 Pin 7 [INL, Non spécifié, Ligne]
    @(8000 mils, 3350 mils): Symbol C_PAM_INL Pin 1 [Passive, Ligne]
[pin_to_pin]: Les pins de type Non spécifié et Passive sont connectées
    ; warning
    @(8150 mils, 3150 mils): Symbol U3 Pin 8 [VREF, Non spécifié, Ligne]
    @(6250 mils, 3350 mils): Symbol C_PAM_VREF Pin 1 [Passive, Ligne]
[pin_to_pin]: Les pins de type Non spécifié et Passive sont connectées
    ; warning
    @(9350 mils, 2450 mils): Symbol U3 Pin 16 [+OUT_R, Non spécifié, Ligne]
    @(8850 mils, 4800 mils): Symbol FB5 Pin 1 [Passive, Ligne]
[pin_to_pin]: Les pins de type Non spécifié et Passive sont connectées
    ; warning
    @(9350 mils, 2550 mils): Symbol U3 Pin 15 [PGNDR, Non spécifié, Ligne]
    @(9700 mils, 3750 mils): Symbol R_MODE_AB Pin 2 [Passive, Ligne]
[pin_to_pin]: Les pins de type Non spécifié et Passive sont connectées
    ; warning
    @(9350 mils, 2650 mils): Symbol U3 Pin 14 [-OUT_R, Non spécifié, Ligne]
    @(8850 mils, 4900 mils): Symbol FB6 Pin 1 [Passive, Ligne]
[pin_to_pin]: Les pins de type Non spécifié et Passive sont connectées
    ; warning
    @(9350 mils, 2750 mils): Symbol U3 Pin 13 [PVDDR, Non spécifié, Ligne]
    @(8700 mils, 3600 mils): Symbol C_PAM_BULK Pin 1 [Passive, Ligne]
[pin_to_pin]: Les pins de type Non spécifié et Passive sont connectées
    ; warning
    @(9350 mils, 2850 mils): Symbol U3 Pin 12 [SHDN#, Non spécifié, Ligne]
    @(9900 mils, 2000 mils): Symbol R_SHDN Pin 2 [Passive, Ligne]
[pin_to_pin]: Les pins de type Non spécifié et Non spécifié sont connectées
    ; warning
    @(9350 mils, 2950 mils): Symbol U3 Pin 11 [GND, Non spécifié, Ligne]
    @(9350 mils, 2550 mils): Symbol U3 Pin 15 [PGNDR, Non spécifié, Ligne]
[pin_to_pin]: Les pins de type Non spécifié et Passive sont connectées
    ; warning
    @(9350 mils, 3050 mils): Symbol U3 Pin 10 [INR, Non spécifié, Ligne]
    @(9950 mils, 3050 mils): Symbol C_PAM_INR Pin 1 [Passive, Ligne]
[pin_to_pin]: Les pins de type Non spécifié et Passive sont connectées
    ; warning
    @(9350 mils, 3150 mils): Symbol U3 Pin 9 [MODE, Non spécifié, Ligne]
    @(9400 mils, 3450 mils): Symbol R_MODE_D Pin 1 [Passive, Ligne]

***** Sheet /IMU/
[pin_to_pin]: Les pins de type Non spécifié et Non spécifié sont connectées
    ; warning
    @(5350 mils, 3150 mils): Symbol U11 Pin 1 [SDO/SA0, Non spécifié, Ligne]
    @(5350 mils, 3250 mils): Symbol U11 Pin 2 [SDX, Non spécifié, Ligne]
[pin_to_pin]: Les pins de type Non spécifié et Non spécifié sont connectées
    ; warning
    @(5350 mils, 3250 mils): Symbol U11 Pin 2 [SDX, Non spécifié, Ligne]
    @(5350 mils, 3350 mils): Symbol U11 Pin 3 [SCX, Non spécifié, Ligne]
[pin_to_pin]: Les pins de type Non spécifié et Non spécifié sont connectées
    ; warning
    @(5350 mils, 3350 mils): Symbol U11 Pin 3 [SCX, Non spécifié, Ligne]
    @(5350 mils, 3650 mils): Symbol U11 Pin 6 [GND, Non spécifié, Ligne]
[pin_to_pin]: Les pins de type Non spécifié et Passive sont connectées
    ; warning
    @(5350 mils, 3550 mils): Symbol U11 Pin 5 [VDDIO, Non spécifié, Ligne]
    @(4150 mils, 3850 mils): Symbol C4 Pin 1 [Passive, Ligne]
[pin_to_pin]: Les pins de type Non spécifié et Non spécifié sont connectées
    ; warning
    @(5350 mils, 3650 mils): Symbol U11 Pin 6 [GND, Non spécifié, Ligne]
    @(5350 mils, 3750 mils): Symbol U11 Pin 7 [GND, Non spécifié, Ligne]
[pin_to_pin]: Les pins de type Non spécifié et Passive sont connectées
    ; warning
    @(5350 mils, 3750 mils): Symbol U11 Pin 7 [GND, Non spécifié, Ligne]
    @(4150 mils, 4150 mils): Symbol C4 Pin 2 [Passive, Ligne]
[pin_to_pin]: Les pins de type Non spécifié et Bidirectionnel sont connectées
    ; warning
    @(6650 mils, 3150 mils): Symbol U11 Pin 14 [SDA, Non spécifié, Ligne]
    @(2950 mils, 2550 mils): Symbol U2 Pin 11 [SDA/MOSI/ATT2, Bidirectionnel, Ligne]
[pin_to_pin]: Les pins de type Non spécifié et Entrée sont connectées
    ; warning
    @(6650 mils, 3250 mils): Symbol U11 Pin 13 [SCL, Non spécifié, Ligne]
    @(2950 mils, 2450 mils): Symbol U2 Pin 12 [SCL/MC/ATT1, Entrée, Ligne]
[pin_to_pin]: Les pins de type Non spécifié et Passive sont connectées
    ; warning
    @(6650 mils, 3350 mils): Symbol U11 Pin 12 [CS, Non spécifié, Ligne]
    @(7750 mils, 3850 mils): Symbol C5 Pin 1 [Passive, Ligne]
[pin_to_pin]: Les pins de type Non spécifié et Non spécifié sont connectées
    ; warning
    @(6650 mils, 3750 mils): Symbol U11 Pin 8 [VDD, Non spécifié, Ligne]
    @(6650 mils, 3350 mils): Symbol U11 Pin 12 [CS, Non spécifié, Ligne]

***** Sheet /CONNECTOR/
[pin_to_pin]: Les pins de type Non spécifié et Non spécifié sont connectées
    ; warning
    @(1350 mils, 3600 mils): Symbol LED7 Pin 1 [VDD, Non spécifié, Ligne]
    @(1350 mils, 4200 mils): Symbol LED13 Pin 1 [VDD, Non spécifié, Ligne]
[pin_to_pin]: Les pins de type Non spécifié et Non spécifié sont connectées
    ; warning
    @(1350 mils, 3700 mils): Symbol LED7 Pin 2 [DOUT, Non spécifié, Ligne]
    @(9250 mils, 4200 mils): Symbol LED8 Pin 4 [DIN, Non spécifié, Ligne]
[pin_to_pin]: Les pins de type Non spécifié et Passive sont connectées
    ; warning
    @(1350 mils, 4200 mils): Symbol LED13 Pin 1 [VDD, Non spécifié, Ligne]
    @(1750 mils, 4900 mils): Symbol J9 Pin 1 [Pin_1, Passive, Ligne]
[pin_to_pin]: Les pins de type Non spécifié et Passive sont connectées
    ; warning
    @(1350 mils, 4300 mils): Symbol LED13 Pin 2 [DOUT, Non spécifié, Ligne]
    @(1750 mils, 5100 mils): Symbol J9 Pin 3 [Pin_3, Passive, Ligne]
[pin_to_pin]: Les pins de type Non spécifié et Non spécifié sont connectées
    ; warning
    @(2350 mils, 3700 mils): Symbol LED7 Pin 3 [VSS, Non spécifié, Ligne]
    @(2350 mils, 4300 mils): Symbol LED13 Pin 3 [VSS, Non spécifié, Ligne]
[pin_to_pin]: Les pins de type Non spécifié et Passive sont connectées
    ; warning
    @(2350 mils, 4300 mils): Symbol LED13 Pin 3 [VSS, Non spécifié, Ligne]
    @(1750 mils, 5000 mils): Symbol J9 Pin 2 [Pin_2, Passive, Ligne]
[pin_to_pin]: Les pins de type Non spécifié et Non spécifié sont connectées
    ; warning
    @(2850 mils, 3600 mils): Symbol LED6 Pin 1 [VDD, Non spécifié, Ligne]
    @(2850 mils, 4200 mils): Symbol LED12 Pin 1 [VDD, Non spécifié, Ligne]
[pin_to_pin]: Les pins de type Non spécifié et Non spécifié sont connectées
    ; warning
    @(2850 mils, 3700 mils): Symbol LED6 Pin 2 [DOUT, Non spécifié, Ligne]
    @(2350 mils, 3600 mils): Symbol LED7 Pin 4 [DIN, Non spécifié, Ligne]
[pin_to_pin]: Les pins de type Non spécifié et Passive sont connectées
    ; warning
    @(2850 mils, 4200 mils): Symbol LED12 Pin 1 [VDD, Non spécifié, Ligne]
    @(1750 mils, 4900 mils): Symbol J9 Pin 1 [Pin_1, Passive, Ligne]
[pin_to_pin]: Les pins de type Non spécifié et Non spécifié sont connectées
    ; warning
    @(2850 mils, 4300 mils): Symbol LED12 Pin 2 [DOUT, Non spécifié, Ligne]
    @(2350 mils, 4200 mils): Symbol LED13 Pin 4 [DIN, Non spécifié, Ligne]
[pin_to_pin]: Les pins de type Non spécifié et Non spécifié sont connectées
    ; warning
    @(3850 mils, 3700 mils): Symbol LED6 Pin 3 [VSS, Non spécifié, Ligne]
    @(3850 mils, 4300 mils): Symbol LED12 Pin 3 [VSS, Non spécifié, Ligne]
[pin_to_pin]: Les pins de type Non spécifié et Entrée sont connectées
    ; warning
    @(3850 mils, 4300 mils): Symbol LED12 Pin 3 [VSS, Non spécifié, Ligne]
    @(4600 mils, 5500 mils): Symbol J11 Pin 13 [GND, Entrée, Ligne]
[pin_to_pin]: Les pins de type Non spécifié et Non spécifié sont connectées
    ; warning
    @(4300 mils, 3600 mils): Symbol LED5 Pin 1 [VDD, Non spécifié, Ligne]
    @(4300 mils, 4200 mils): Symbol LED11 Pin 1 [VDD, Non spécifié, Ligne]
[pin_to_pin]: Les pins de type Non spécifié et Non spécifié sont connectées
    ; warning
    @(4300 mils, 3700 mils): Symbol LED5 Pin 2 [DOUT, Non spécifié, Ligne]
    @(3850 mils, 3600 mils): Symbol LED6 Pin 4 [DIN, Non spécifié, Ligne]
[pin_to_pin]: Les pins de type Non spécifié et Non spécifié sont connectées
    ; warning
    @(4300 mils, 4200 mils): Symbol LED11 Pin 1 [VDD, Non spécifié, Ligne]
    @(2850 mils, 4200 mils): Symbol LED12 Pin 1 [VDD, Non spécifié, Ligne]
[pin_to_pin]: Les pins de type Non spécifié et Non spécifié sont connectées
    ; warning
    @(4300 mils, 4300 mils): Symbol LED11 Pin 2 [DOUT, Non spécifié, Ligne]
    @(3850 mils, 4200 mils): Symbol LED12 Pin 4 [DIN, Non spécifié, Ligne]
[pin_to_pin]: Les pins de type Non spécifié et Non spécifié sont connectées
    ; warning
    @(5300 mils, 3700 mils): Symbol LED5 Pin 3 [VSS, Non spécifié, Ligne]
    @(5300 mils, 4300 mils): Symbol LED11 Pin 3 [VSS, Non spécifié, Ligne]
[pin_to_pin]: Les pins de type Non spécifié et Entrée sont connectées
    ; warning
    @(5300 mils, 4300 mils): Symbol LED11 Pin 3 [VSS, Non spécifié, Ligne]
    @(4700 mils, 5500 mils): Symbol J11 Pin 12 [GND, Entrée, Ligne]
[pin_to_pin]: Les pins de type Non spécifié et Non spécifié sont connectées
    ; warning
    @(5700 mils, 3600 mils): Symbol LED4 Pin 1 [VDD, Non spécifié, Ligne]
    @(5700 mils, 4200 mils): Symbol LED10 Pin 1 [VDD, Non spécifié, Ligne]
[pin_to_pin]: Les pins de type Non spécifié et Non spécifié sont connectées
    ; warning
    @(5700 mils, 3700 mils): Symbol LED4 Pin 2 [DOUT, Non spécifié, Ligne]
    @(5300 mils, 3600 mils): Symbol LED5 Pin 4 [DIN, Non spécifié, Ligne]
[pin_to_pin]: Les pins de type Non spécifié et Non spécifié sont connectées
    ; warning
    @(5700 mils, 4200 mils): Symbol LED10 Pin 1 [VDD, Non spécifié, Ligne]
    @(4300 mils, 4200 mils): Symbol LED11 Pin 1 [VDD, Non spécifié, Ligne]
[pin_to_pin]: Les pins de type Non spécifié et Non spécifié sont connectées
    ; warning
    @(5700 mils, 4300 mils): Symbol LED10 Pin 2 [DOUT, Non spécifié, Ligne]
    @(5300 mils, 4200 mils): Symbol LED11 Pin 4 [DIN, Non spécifié, Ligne]
[pin_to_pin]: Les pins de type Non spécifié et Non spécifié sont connectées
    ; warning
    @(6700 mils, 3700 mils): Symbol LED4 Pin 3 [VSS, Non spécifié, Ligne]
    @(6700 mils, 4300 mils): Symbol LED10 Pin 3 [VSS, Non spécifié, Ligne]
[pin_to_pin]: Les pins de type Non spécifié et Non spécifié sont connectées
    ; warning
    @(6700 mils, 4300 mils): Symbol LED10 Pin 3 [VSS, Non spécifié, Ligne]
    @(5300 mils, 4300 mils): Symbol LED11 Pin 3 [VSS, Non spécifié, Ligne]
[pin_to_pin]: Les pins de type Non spécifié et Non spécifié sont connectées
    ; warning
    @(6950 mils, 3600 mils): Symbol LED3 Pin 1 [VDD, Non spécifié, Ligne]
    @(6950 mils, 4200 mils): Symbol LED9 Pin 1 [VDD, Non spécifié, Ligne]
[pin_to_pin]: Les pins de type Non spécifié et Non spécifié sont connectées
    ; warning
    @(6950 mils, 3700 mils): Symbol LED3 Pin 2 [DOUT, Non spécifié, Ligne]
    @(6700 mils, 3600 mils): Symbol LED4 Pin 4 [DIN, Non spécifié, Ligne]
[pin_to_pin]: Les pins de type Non spécifié et Non spécifié sont connectées
    ; warning
    @(6950 mils, 4200 mils): Symbol LED9 Pin 1 [VDD, Non spécifié, Ligne]
    @(5700 mils, 4200 mils): Symbol LED10 Pin 1 [VDD, Non spécifié, Ligne]
[pin_to_pin]: Les pins de type Non spécifié et Non spécifié sont connectées
    ; warning
    @(6950 mils, 4300 mils): Symbol LED9 Pin 2 [DOUT, Non spécifié, Ligne]
    @(6700 mils, 4200 mils): Symbol LED10 Pin 4 [DIN, Non spécifié, Ligne]
[pin_to_pin]: Les pins de type Non spécifié et Non spécifié sont connectées
    ; warning
    @(7950 mils, 3700 mils): Symbol LED3 Pin 3 [VSS, Non spécifié, Ligne]
    @(7950 mils, 4300 mils): Symbol LED9 Pin 3 [VSS, Non spécifié, Ligne]
[pin_to_pin]: Les pins de type Non spécifié et Non spécifié sont connectées
    ; warning
    @(7950 mils, 4300 mils): Symbol LED9 Pin 3 [VSS, Non spécifié, Ligne]
    @(6700 mils, 4300 mils): Symbol LED10 Pin 3 [VSS, Non spécifié, Ligne]
[pin_to_pin]: Les pins de type Non spécifié et Non spécifié sont connectées
    ; warning
    @(8250 mils, 3600 mils): Symbol LED2 Pin 1 [VDD, Non spécifié, Ligne]
    @(8250 mils, 4200 mils): Symbol LED8 Pin 1 [VDD, Non spécifié, Ligne]
[pin_to_pin]: Les pins de type Non spécifié et Non spécifié sont connectées
    ; warning
    @(8250 mils, 3700 mils): Symbol LED2 Pin 2 [DOUT, Non spécifié, Ligne]
    @(7950 mils, 3600 mils): Symbol LED3 Pin 4 [DIN, Non spécifié, Ligne]
[pin_to_pin]: Les pins de type Non spécifié et Non spécifié sont connectées
    ; warning
    @(8250 mils, 4200 mils): Symbol LED8 Pin 1 [VDD, Non spécifié, Ligne]
    @(6950 mils, 4200 mils): Symbol LED9 Pin 1 [VDD, Non spécifié, Ligne]
[pin_to_pin]: Les pins de type Non spécifié et Non spécifié sont connectées
    ; warning
    @(8250 mils, 4300 mils): Symbol LED8 Pin 2 [DOUT, Non spécifié, Ligne]
    @(7950 mils, 4200 mils): Symbol LED9 Pin 4 [DIN, Non spécifié, Ligne]
[pin_to_pin]: Les pins de type Non spécifié et Passive sont connectées
    ; warning
    @(9250 mils, 3600 mils): Symbol LED2 Pin 4 [DIN, Non spécifié, Ligne]
    @(9350 mils, 3600 mils): Symbol R8 Pin 1 [Passive, Ligne]
[pin_to_pin]: Les pins de type Non spécifié et Non spécifié sont connectées
    ; warning
    @(9250 mils, 3700 mils): Symbol LED2 Pin 3 [VSS, Non spécifié, Ligne]
    @(9250 mils, 4300 mils): Symbol LED8 Pin 3 [VSS, Non spécifié, Ligne]
[pin_to_pin]: Les pins de type Non spécifié et Non spécifié sont connectées
    ; warning
    @(9250 mils, 4300 mils): Symbol LED8 Pin 3 [VSS, Non spécifié, Ligne]
    @(7950 mils, 4300 mils): Symbol LED9 Pin 3 [VSS, Non spécifié, Ligne]

 ** ERC messages: 148  Errors 0  Warnings 148

 ** Ignored checks:
    - Global label only appears once in the schematic
    - Four connection points are joined together
    - SPICE model issue
    - Assigned footprint doesn't match footprint filters
