ERC report (2026-09-27T14:11:05, Encoding UTF8)
Report includes: Errors

***** Sheet /
[label_dangling]: Label not connected
    ; error
    @(4803 mils, 9008 mils): Global Label 'GND'
[unannotated]: Item non numéroté: C1_AV?
    ; error
    @(1200 mils, 2650 mils): Symbol C1_AV [C]

***** Sheet /Power/
[pin_not_connected]: Pin not connected
    ; error
    @(1900 mils, 1950 mils): Symbol J1 Pin A2 [SSTXP1, Non spécifié, Ligne]
[pin_not_connected]: Pin not connected
    ; error
    @(1900 mils, 2050 mils): Symbol J1 Pin A3 [SSTXN1, Non spécifié, Ligne]
[pin_not_connected]: Pin not connected
    ; error
    @(1900 mils, 2550 mils): Symbol J1 Pin A8 [SBU1, Non spécifié, Ligne]
[pin_not_connected]: Pin not connected
    ; error
    @(1900 mils, 2750 mils): Symbol J1 Pin A10 [SSRXN2, Non spécifié, Ligne]
[pin_not_connected]: Pin not connected
    ; error
    @(1900 mils, 2850 mils): Symbol J1 Pin A11 [SSRXP2, Non spécifié, Ligne]
[power_pin_not_driven]: Input Power pin not driven by any Output Power pins
    ; error
    @(2400 mils, 5850 mils): Symbol U9 Pin 5 [VCC, Power input, Ligne]
[power_pin_not_driven]: Input Power pin not driven by any Output Power pins
    ; error
    @(2400 mils, 6050 mils): Symbol U9 Pin 6 [GND, Power input, Ligne]
[pin_not_connected]: Pin not connected
    ; error
    @(2800 mils, 7050 mils): Symbol U10 Pin 2 [Passive, Ligne]
[pin_not_connected]: Pin not connected
    ; error
    @(3100 mils, 1950 mils): Symbol J1 Pin B11 [SSRXP1, Non spécifié, Ligne]
[pin_not_connected]: Pin not connected
    ; error
    @(3100 mils, 2050 mils): Symbol J1 Pin B10 [SSRXN1, Non spécifié, Ligne]
[pin_not_connected]: Pin not connected
    ; error
    @(3100 mils, 2250 mils): Symbol J1 Pin B8 [SBU2, Non spécifié, Ligne]
[pin_not_connected]: Pin not connected
    ; error
    @(3100 mils, 2750 mils): Symbol J1 Pin B3 [SSTXN2, Non spécifié, Ligne]
[pin_not_connected]: Pin not connected
    ; error
    @(3100 mils, 2850 mils): Symbol J1 Pin B2 [SSTXP2, Non spécifié, Ligne]
[power_pin_not_driven]: Input Power pin not driven by any Output Power pins
    ; error
    @(5450 mils, 4800 mils): Symbol U7 Pin 2 [GND, Power input, Ligne]
[pin_to_pin]: Les pins de type Sortie et Sortie sont connectées
    ; error
    @(8700 mils, 1750 mils): Symbol U8 Pin 10 [OUT_10, Sortie, Ligne]
    @(8700 mils, 1850 mils): Symbol U8 Pin 11 [OUT_11, Sortie, Ligne]
[power_pin_not_driven]: Input Power pin not driven by any Output Power pins
    ; error
    @(8700 mils, 2550 mils): Symbol U8 Pin 17 [EXP, Power input, Ligne]
[power_pin_not_driven]: Input Power pin not driven by any Output Power pins
    ; error
    @(8700 mils, 2650 mils): Symbol U8 Pin 8 [VSS, Power input, Ligne]
[power_pin_not_driven]: Input Power pin not driven by any Output Power pins
    ; error
    @(9050 mils, 4200 mils): Symbol U5 Pin 8 [VIN, Power input, Ligne]
[power_pin_not_driven]: Input Power pin not driven by any Output Power pins
    ; error
    @(9050 mils, 5500 mils): Symbol U6 Pin 1 [VIN, Power input, Ligne]
[power_pin_not_driven]: Input Power pin not driven by any Output Power pins
    ; error
    @(9250 mils, 4600 mils): Symbol U5 Pin 6 [GND, Power input, Ligne]
[power_pin_not_driven]: Input Power pin not driven by any Output Power pins
    ; error
    @(9350 mils, 5900 mils): Symbol U6 Pin 2 [GND, Power input, Ligne]
[power_pin_not_driven]: Input Power pin not driven by any Output Power pins
    ; error
    @(9450 mils, 4600 mils): Symbol U5 Pin 7 [GND, Power input, Ligne]

***** Sheet /ESP32/
[power_pin_not_driven]: Input Power pin not driven by any Output Power pins
    ; error
    @(5750 mils, 4650 mils): Symbol U1 Pin 1 [GND, Power input, Ligne]
[pin_not_connected]: Pin not connected
    ; error
    @(6350 mils, 2650 mils): Symbol U1 Pin 37 [TXD0, Bidirectionnel, Ligne]
[pin_not_connected]: Pin not connected
    ; error
    @(6350 mils, 2750 mils): Symbol U1 Pin 36 [RXD0, Bidirectionnel, Ligne]
[pin_not_connected]: Pin not connected
    ; error
    @(6350 mils, 3350 mils): Symbol U1 Pin 28 [IO35, Bidirectionnel, Ligne]
[pin_not_connected]: Pin not connected
    ; error
    @(6350 mils, 3450 mils): Symbol U1 Pin 29 [IO36, Bidirectionnel, Ligne]
[pin_not_connected]: Pin not connected
    ; error
    @(6350 mils, 3550 mils): Symbol U1 Pin 30 [IO37, Bidirectionnel, Ligne]

***** Sheet /Audio/
[power_pin_not_driven]: Input Power pin not driven by any Output Power pins
    ; error
    @(3550 mils, 3550 mils): Symbol U2 Pin 3 [CPGND, Power input, Ligne]
[power_pin_not_driven]: Input Power pin not driven by any Output Power pins
    ; error
    @(3650 mils, 3550 mils): Symbol U2 Pin 27 [DGND, Power input, Ligne]
[power_pin_not_driven]: Input Power pin not driven by any Output Power pins
    ; error
    @(3750 mils, 3550 mils): Symbol U2 Pin 9 [AGND, Power input, Ligne]
[power_pin_not_driven]: Input Power pin not driven by any Output Power pins
    ; error
    @(4100 mils, 6700 mils): Symbol U4 Pin 3 [GND, Power input, Ligne]
[pin_not_connected]: Pin not connected
    ; error
    @(4350 mils, 2250 mils): Symbol U2 Pin 15 [GPIO3/AGNS, Bidirectionnel, Ligne]
[pin_not_connected]: Pin not connected
    ; error
    @(4350 mils, 2350 mils): Symbol U2 Pin 14 [GPIO4/MAST, Bidirectionnel, Ligne]
[pin_not_connected]: Pin not connected
    ; error
    @(4350 mils, 2450 mils): Symbol U2 Pin 13 [GPIO5/ATT0, Bidirectionnel, Ligne]
[pin_not_connected]: Pin not connected
    ; error
    @(4350 mils, 2550 mils): Symbol U2 Pin 19 [GPIO6/FLT, Bidirectionnel, Ligne]

***** Sheet /IMU/
[pin_not_connected]: Pin not connected
    ; error
    @(5350 mils, 3450 mils): Symbol U11 Pin 4 [INT1, Non spécifié, Ligne]
[pin_not_connected]: Pin not connected
    ; error
    @(6650 mils, 3450 mils): Symbol U11 Pin 11 [SDO_AUX, Non spécifié, Ligne]
[pin_not_connected]: Pin not connected
    ; error
    @(6650 mils, 3550 mils): Symbol U11 Pin 10 [OSC_AUX, Non spécifié, Ligne]
[pin_not_connected]: Pin not connected
    ; error
    @(6650 mils, 3650 mils): Symbol U11 Pin 9 [INT2, Non spécifié, Ligne]

***** Sheet /CONNECTOR/
[pin_not_connected]: Pin not connected
    ; error
    @(1750 mils, 5200 mils): Symbol J9 Pin 4 [Pin_4, Passive, Ligne]
[pin_not_connected]: Pin not connected
    ; error
    @(3600 mils, 2350 mils): Symbol J8 Pin 6 [Pin_6, Passive, Ligne]
[pin_not_connected]: Pin not connected
    ; error
    @(5300 mils, 6300 mils): Symbol J11 Pin 9 [CD, Entrée, Ligne]
[pin_not_driven]: Input pin not driven by any Output pins
    ; error
    @(5300 mils, 6300 mils): Symbol J11 Pin 9 [CD, Entrée, Ligne]
[pin_not_connected]: Pin not connected
    ; error
    @(10250 mils, 1700 mils): Symbol J7 Pin 9 [Pin_9, Passive, Ligne]
[pin_not_connected]: Pin not connected
    ; error
    @(10250 mils, 1800 mils): Symbol J7 Pin 10 [Pin_10, Passive, Ligne]

 ** ERC messages: 48  Errors 48  Warnings 0

 ** Ignored checks:
    - Global label only appears once in the schematic
    - Four connection points are joined together
    - SPICE model issue
    - Assigned footprint doesn't match footprint filters
